rm 'alpha'
rm 'foo/bar'
% final manifest in git is just beta
beta
importing Git objects into Hg
at: 0/5
creating bookmarks failed, do you have bookmarks enabled?
changeset:   4:26a36502e0eb
tag:         tip
user:        test <test@example.org>
date:        Fri Feb 13 23:31:30 2009 +0000
summary:     remove foo/bar

changeset:   3:2649f8f87bc1
user:        test <test@example.org>
date:        Fri Feb 13 23:31:30 2009 +0000
summary:     remove alpha

changeset:   2:16db36e9a614
user:        test <test@example.org>
date:        Fri Feb 13 23:31:30 2009 +0000
summary:     add foo

changeset:   1:c25ea3d53ce1
user:        test <test@example.org>
date:        Fri Feb 13 23:31:30 2009 +0000
summary:     add beta

changeset:   0:c50ac8b9444c
user:        test <test@example.org>
date:        Fri Feb 13 23:31:30 2009 +0000
summary:     add alpha


% make sure alpha is not in this manifest
beta
foo/bar

% make sure that only beta is in the manifest
beta
