fetching from : origin
importing Hg objects into Git
Counting objects: 6, done.
Compressing objects:  50% (1/2)   Compressing objects: 100% (2/2)   Compressing objects: 100% (2/2), done.
Total 6 (delta 1), reused 6 (delta 1)
importing Git objects into Hg
at: 0/2
2 files updated, 0 files merged, 0 files removed, 0 files unresolved
changeset:   1:c25ea3d53ce1
tag:         origin/master
tag:         tip
user:        test <test@example.org>
date:        Fri Feb 13 23:31:30 2009 +0000
summary:     add beta

changeset:   0:c50ac8b9444c
user:        test <test@example.org>
date:        Fri Feb 13 23:31:30 2009 +0000
summary:     add alpha

% we should have some bookmarks
 * origin/master             1:c25ea3d53ce1
