% original HEAD
1f2153667658aafaa7e7700dddb6a0899c3f5a40
importing Git objects into Hg
at: 0/1
creating bookmarks failed, do you have bookmarks enabled?
files: 
clearing out the git cache data
importing Hg objects into Git
at: 0/1
converting revision 0
% exported HEAD
1f2153667658aafaa7e7700dddb6a0899c3f5a40
