importing Git objects into Hg
at: 0/2
adds: d2/f2
dels: d1/f2
