abort: repository . already exists!
% import with bookmarks
importing Git objects into Hg
at: 0/2
changeset:   1:c25ea3d53ce1
tag:         master
tag:         tip
user:        test <test@example.org>
date:        Fri Feb 13 23:31:30 2009 +0000
summary:     add beta

changeset:   0:c50ac8b9444c
user:        test <test@example.org>
date:        Fri Feb 13 23:31:30 2009 +0000
summary:     add alpha

% we should have some bookmarks
   master                    1:c25ea3d53ce1
